{
  "error": {
    "code": "BUSINESS_ERR",
    "message": "Invalid MSISDN"
  }
}

