{
  "status": "OK",
  "data": {
    "id": "acc-123",
    "msisdn": "33612345678"
  }
}

